---
source: crates/oxc_linter/src/tester.rs
---
  ⚠ eslint-plugin-unicorn(no-useless-undefined): Do not use useless `undefined`.
   ╭─[no_useless_undefined.tsx:1:11]
 1 │ let foo = undefined;
   ·           ─────────
   ╰────
  help: Consider using `null` instead.
